{
  "version": "1.5.0",
  "plugins_used": [
    {
      "name": "ArtifactoryDetector"
    },
    {
      "name": "AWSKeyDetector"
    },
    {
      "name": "AzureStorageKeyDetector"
    },
    {
      "name": "Base64HighEntropyString",
      "limit": 4.5
    },
    {
      "name": "BasicAuthDetector"
    },
    {
      "name": "CloudantDetector"
    },
    {
      "name": "DiscordBotTokenDetector"
    },
    {
      "name": "GitHubTokenDetector"
    },
    {
      "name": "GitLabTokenDetector"
    },
    {
      "name": "HexHighEntropyString",
      "limit": 3.0
    },
    {
      "name": "IbmCloudIamDetector"
    },
    {
      "name": "IbmCosHmacDetector"
    },
    {
      "name": "IPPublicDetector"
    },
    {
      "name": "JwtTokenDetector"
    },
    {
      "name": "KeywordDetector",
      "keyword_exclude": ""
    },
    {
      "name": "MailchimpDetector"
    },
    {
      "name": "NpmDetector"
    },
    {
      "name": "OpenAIDetector"
    },
    {
      "name": "PrivateKeyDetector"
    },
    {
      "name": "PypiTokenDetector"
    },
    {
      "name": "SendGridDetector"
    },
    {
      "name": "SlackDetector"
    },
    {
      "name": "SoftlayerDetector"
    },
    {
      "name": "SquareOAuthDetector"
    },
    {
      "name": "StripeDetector"
    },
    {
      "name": "TelegramBotTokenDetector"
    },
    {
      "name": "TwilioKeyDetector"
    }
  ],
  "filters_used": [
    {
      "path": "detect_secrets.filters.allowlist.is_line_allowlisted"
    },
    {
      "path": "detect_secrets.filters.common.is_ignored_due_to_verification_policies",
      "min_level": 2
    },
    {
      "path": "detect_secrets.filters.heuristic.is_indirect_reference"
    },
    {
      "path": "detect_secrets.filters.heuristic.is_likely_id_string"
    },
    {
      "path": "detect_secrets.filters.heuristic.is_lock_file"
    },
    {
      "path": "detect_secrets.filters.heuristic.is_not_alphanumeric_string"
    },
    {
      "path": "detect_secrets.filters.heuristic.is_potential_uuid"
    },
    {
      "path": "detect_secrets.filters.heuristic.is_prefixed_with_dollar_sign"
    },
    {
      "path": "detect_secrets.filters.heuristic.is_sequential_string"
    },
    {
      "path": "detect_secrets.filters.heuristic.is_swagger_file"
    },
    {
      "path": "detect_secrets.filters.heuristic.is_templated_secret"
    }
  ],
  "results": {
    "docs\\superpowers\\specs\\2026-03-31-firecrawl-integration-design.md": [
      {
        "type": "Secret Keyword",
        "filename": "docs\\superpowers\\specs\\2026-03-31-firecrawl-integration-design.md",
        "hashed_secret": "1e2ee41b7f0b6045de82f3f13dc69fc3b8d6c00d",
        "is_verified": false,
        "line_number": 31
      }
    ],
    "outputs\\code_task\\use-orchestrator-and-his-crew-to-get-the-transcript-of-this--1776292173.md": [
      {
        "type": "Secret Keyword",
        "filename": "outputs\\code_task\\use-orchestrator-and-his-crew-to-get-the-transcript-of-this--1776292173.md",
        "hashed_secret": "ec3810e10fb78db55ce38b9c18d1c3eb1db739e0",
        "is_verified": false,
        "line_number": 16
      }
    ],
    "skills\\design\\SKILL.md": [
      {
        "type": "Secret Keyword",
        "filename": "skills\\design\\SKILL.md",
        "hashed_secret": "6d9c68c603e465077bdd49c62347fe54717f83a3",
        "is_verified": false,
        "line_number": 295
      }
    ],
    "skills\\design\\references\\cip-design.md": [
      {
        "type": "Secret Keyword",
        "filename": "skills\\design\\references\\cip-design.md",
        "hashed_secret": "6d9c68c603e465077bdd49c62347fe54717f83a3",
        "is_verified": false,
        "line_number": 119
      }
    ],
    "skills\\design\\references\\icon-design.md": [
      {
        "type": "Secret Keyword",
        "filename": "skills\\design\\references\\icon-design.md",
        "hashed_secret": "6d9c68c603e465077bdd49c62347fe54717f83a3",
        "is_verified": false,
        "line_number": 120
      }
    ],
    "skills\\design\\references\\logo-design.md": [
      {
        "type": "Secret Keyword",
        "filename": "skills\\design\\references\\logo-design.md",
        "hashed_secret": "6d9c68c603e465077bdd49c62347fe54717f83a3",
        "is_verified": false,
        "line_number": 90
      }
    ],
    "skills\\design\\scripts\\icon\\generate.py": [
      {
        "type": "Secret Keyword",
        "filename": "skills\\design\\scripts\\icon\\generate.py",
        "hashed_secret": "6d9c68c603e465077bdd49c62347fe54717f83a3",
        "is_verified": false,
        "line_number": 195
      }
    ],
    "skills\\design\\scripts\\logo\\generate.py": [
      {
        "type": "Secret Keyword",
        "filename": "skills\\design\\scripts\\logo\\generate.py",
        "hashed_secret": "6d9c68c603e465077bdd49c62347fe54717f83a3",
        "is_verified": false,
        "line_number": 147
      }
    ],
    "skills\\website-intelligence\\SKILL.md": [
      {
        "type": "Secret Keyword",
        "filename": "skills\\website-intelligence\\SKILL.md",
        "hashed_secret": "331970cc4d6e1ad7a0e09344c7ffd1ff72b25281",
        "is_verified": false,
        "line_number": 53
      }
    ]
  },
  "generated_at": "2026-04-16T18:04:12Z"
}
