{
  "version": "1.5.0",
  "plugins_used": [
    {
      "name": "ArtifactoryDetector"
    },
    {
      "name": "AWSKeyDetector"
    },
    {
      "name": "AzureStorageKeyDetector"
    },
    {
      "name": "Base64HighEntropyString",
      "limit": 4.5
    },
    {
      "name": "BasicAuthDetector"
    },
    {
      "name": "CloudantDetector"
    },
    {
      "name": "DiscordBotTokenDetector"
    },
    {
      "name": "GitHubTokenDetector"
    },
    {
      "name": "GitLabTokenDetector"
    },
    {
      "name": "HexHighEntropyString",
      "limit": 3.0
    },
    {
      "name": "IbmCloudIamDetector"
    },
    {
      "name": "IbmCosHmacDetector"
    },
    {
      "name": "IPPublicDetector"
    },
    {
      "name": "JwtTokenDetector"
    },
    {
      "name": "KeywordDetector",
      "keyword_exclude": ""
    },
    {
      "name": "MailchimpDetector"
    },
    {
      "name": "NpmDetector"
    },
    {
      "name": "OpenAIDetector"
    },
    {
      "name": "PrivateKeyDetector"
    },
    {
      "name": "PypiTokenDetector"
    },
    {
      "name": "SendGridDetector"
    },
    {
      "name": "SlackDetector"
    },
    {
      "name": "SoftlayerDetector"
    },
    {
      "name": "SquareOAuthDetector"
    },
    {
      "name": "StripeDetector"
    },
    {
      "name": "TelegramBotTokenDetector"
    },
    {
      "name": "TwilioKeyDetector"
    }
  ],
  "filters_used": [
    {
      "path": "detect_secrets.filters.allowlist.is_line_allowlisted"
    },
    {
      "path": "detect_secrets.filters.common.is_baseline_file",
      "filename": ".secrets.baseline"
    },
    {
      "path": "detect_secrets.filters.common.is_ignored_due_to_verification_policies",
      "min_level": 2
    },
    {
      "path": "detect_secrets.filters.heuristic.is_indirect_reference"
    },
    {
      "path": "detect_secrets.filters.heuristic.is_likely_id_string"
    },
    {
      "path": "detect_secrets.filters.heuristic.is_lock_file"
    },
    {
      "path": "detect_secrets.filters.heuristic.is_not_alphanumeric_string"
    },
    {
      "path": "detect_secrets.filters.heuristic.is_potential_uuid"
    },
    {
      "path": "detect_secrets.filters.heuristic.is_prefixed_with_dollar_sign"
    },
    {
      "path": "detect_secrets.filters.heuristic.is_sequential_string"
    },
    {
      "path": "detect_secrets.filters.heuristic.is_swagger_file"
    },
    {
      "path": "detect_secrets.filters.heuristic.is_templated_secret"
    },
    {
      "path": "detect_secrets.filters.regex.should_exclude_file",
      "pattern": [
        "infrasctructure/\\.env",
        "infrastructure/\\.env"
      ]
    }
  ],
  "results": {
    "docs\\superpowers\\specs\\2026-03-31-firecrawl-integration-design.md": [
      {
        "type": "Secret Keyword",
        "filename": "docs\\superpowers\\specs\\2026-03-31-firecrawl-integration-design.md",
        "hashed_secret": "1e2ee41b7f0b6045de82f3f13dc69fc3b8d6c00d",
        "is_verified": false,
        "line_number": 31
      }
    ],
    "n8n\\imported\\n13-upscale-robo-4k.json": [
      {
        "type": "Base64 High Entropy String",
        "filename": "n8n\\imported\\n13-upscale-robo-4k.json",
        "hashed_secret": "aeb36a8c9610d57b7430411063d560fd64b0c486",
        "is_verified": false,
        "line_number": 63
      },
      {
        "type": "Hex High Entropy String",
        "filename": "n8n\\imported\\n13-upscale-robo-4k.json",
        "hashed_secret": "0a18eb69f001a72ec9aff4557e9bb31dfae30d11",
        "is_verified": false,
        "line_number": 767
      }
    ],
    "n8n\\imported\\n15-infinite-ugcs.json": [
      {
        "type": "Hex High Entropy String",
        "filename": "n8n\\imported\\n15-infinite-ugcs.json",
        "hashed_secret": "0a18eb69f001a72ec9aff4557e9bb31dfae30d11",
        "is_verified": false,
        "line_number": 964
      }
    ],
    "n8n\\imported\\n20-create-image-seedream40.json": [
      {
        "type": "Hex High Entropy String",
        "filename": "n8n\\imported\\n20-create-image-seedream40.json",
        "hashed_secret": "0a18eb69f001a72ec9aff4557e9bb31dfae30d11",
        "is_verified": false,
        "line_number": 190
      }
    ],
    "n8n\\imported\\n20-create-video-veo3fast.json": [
      {
        "type": "Hex High Entropy String",
        "filename": "n8n\\imported\\n20-create-video-veo3fast.json",
        "hashed_secret": "0a18eb69f001a72ec9aff4557e9bb31dfae30d11",
        "is_verified": false,
        "line_number": 253
      }
    ],
    "n8n\\imported\\n25-veo31-batch.json": [
      {
        "type": "Base64 High Entropy String",
        "filename": "n8n\\imported\\n25-veo31-batch.json",
        "hashed_secret": "35eac44a4cc90f9cdab669af824742be19b3a9ad",
        "is_verified": false,
        "line_number": 115
      },
      {
        "type": "Hex High Entropy String",
        "filename": "n8n\\imported\\n25-veo31-batch.json",
        "hashed_secret": "0a18eb69f001a72ec9aff4557e9bb31dfae30d11",
        "is_verified": false,
        "line_number": 735
      }
    ],
    "n8n\\imported\\n26-longform-ai-characters.json": [
      {
        "type": "Base64 High Entropy String",
        "filename": "n8n\\imported\\n26-longform-ai-characters.json",
        "hashed_secret": "a0ebb1c08a18c61642817bcbb6338ddc282dfe87",
        "is_verified": false,
        "line_number": 277
      },
      {
        "type": "Hex High Entropy String",
        "filename": "n8n\\imported\\n26-longform-ai-characters.json",
        "hashed_secret": "0a18eb69f001a72ec9aff4557e9bb31dfae30d11",
        "is_verified": false,
        "line_number": 797
      }
    ],
    "n8n\\imported\\n27-sora2-character-cameos.json": [
      {
        "type": "Hex High Entropy String",
        "filename": "n8n\\imported\\n27-sora2-character-cameos.json",
        "hashed_secret": "0a18eb69f001a72ec9aff4557e9bb31dfae30d11",
        "is_verified": false,
        "line_number": 606
      }
    ],
    "scripts\\write_r40_n_batches.py": [
      {
        "type": "Hex High Entropy String",
        "filename": "scripts\\write_r40_n_batches.py",
        "hashed_secret": "36d18e0516aef4604402ec760ae2f950e448a710",
        "is_verified": false,
        "line_number": 15
      },
      {
        "type": "Hex High Entropy String",
        "filename": "scripts\\write_r40_n_batches.py",
        "hashed_secret": "156a417ef577681525a1c5051b25dcb980d0f53b",
        "is_verified": false,
        "line_number": 16
      },
      {
        "type": "Hex High Entropy String",
        "filename": "scripts\\write_r40_n_batches.py",
        "hashed_secret": "4616cf725c2b03f181fd1493924a128ceced64d3",
        "is_verified": false,
        "line_number": 17
      },
      {
        "type": "Hex High Entropy String",
        "filename": "scripts\\write_r40_n_batches.py",
        "hashed_secret": "255d530cd3bf8331c5b7f63715bbbc6b1866c5d5",
        "is_verified": false,
        "line_number": 18
      },
      {
        "type": "Hex High Entropy String",
        "filename": "scripts\\write_r40_n_batches.py",
        "hashed_secret": "3d6250d2b52232f14a4ad7c0ee04d06bf3cf3389",
        "is_verified": false,
        "line_number": 19
      }
    ],
    "skills\\CatalystWorksSkills\\sheet-mint-workspace\\iteration-1\\eval-0-freelancer-tracker\\without_skill\\outputs\\params_income_header.json": [
      {
        "type": "Base64 High Entropy String",
        "filename": "skills\\CatalystWorksSkills\\sheet-mint-workspace\\iteration-1\\eval-0-freelancer-tracker\\without_skill\\outputs\\params_income_header.json",
        "hashed_secret": "bd741d3319f2e9b5106e5a7c7086c0a447bd9fc9",
        "is_verified": false,
        "line_number": 1,
        "is_secret": false
      }
    ],
    "skills\\design\\SKILL.md": [
      {
        "type": "Secret Keyword",
        "filename": "skills\\design\\SKILL.md",
        "hashed_secret": "6d9c68c603e465077bdd49c62347fe54717f83a3",
        "is_verified": false,
        "line_number": 296
      }
    ],
    "skills\\design\\references\\cip-design.md": [
      {
        "type": "Secret Keyword",
        "filename": "skills\\design\\references\\cip-design.md",
        "hashed_secret": "6d9c68c603e465077bdd49c62347fe54717f83a3",
        "is_verified": false,
        "line_number": 119
      }
    ],
    "skills\\design\\references\\icon-design.md": [
      {
        "type": "Secret Keyword",
        "filename": "skills\\design\\references\\icon-design.md",
        "hashed_secret": "6d9c68c603e465077bdd49c62347fe54717f83a3",
        "is_verified": false,
        "line_number": 120
      }
    ],
    "skills\\design\\references\\logo-design.md": [
      {
        "type": "Secret Keyword",
        "filename": "skills\\design\\references\\logo-design.md",
        "hashed_secret": "6d9c68c603e465077bdd49c62347fe54717f83a3",
        "is_verified": false,
        "line_number": 90
      }
    ],
    "skills\\design\\scripts\\icon\\generate.py": [
      {
        "type": "Secret Keyword",
        "filename": "skills\\design\\scripts\\icon\\generate.py",
        "hashed_secret": "6d9c68c603e465077bdd49c62347fe54717f83a3",
        "is_verified": false,
        "line_number": 195
      }
    ],
    "skills\\design\\scripts\\logo\\generate.py": [
      {
        "type": "Secret Keyword",
        "filename": "skills\\design\\scripts\\logo\\generate.py",
        "hashed_secret": "6d9c68c603e465077bdd49c62347fe54717f83a3",
        "is_verified": false,
        "line_number": 147
      }
    ]
  },
  "generated_at": "2026-05-10T01:57:09Z"
}
